<?xml version="1.0" encoding="ISO-8859-1" ?>
<link_info>
   <banner>TMS320C2000 Linker PC v22.6.0.LTS</banner>
   <copyright>Copyright (c) 1996-2018 Texas Instruments Incorporated</copyright>
   <link_time>0x6a205d71</link_time>
   <link_errors>0x0</link_errors>
   <output_file>280049EZD_2.out</output_file>
   <entry_point>
      <name>_c_int00</name>
      <address>0x81fa1</address>
   </entry_point>
   <input_file_list>
      <input_file id="fl-2">
         <path>.\</path>
         <kind>object</kind>
         <file>main.obj</file>
         <name>main.obj</name>
      </input_file>
      <input_file id="fl-3">
         <path>.\DSP_HEADER\Driverlib\</path>
         <kind>object</kind>
         <file>adc.obj</file>
         <name>adc.obj</name>
      </input_file>
      <input_file id="fl-4">
         <path>.\DSP_HEADER\Driverlib\</path>
         <kind>object</kind>
         <file>asysctl.obj</file>
         <name>asysctl.obj</name>
      </input_file>
      <input_file id="fl-5">
         <path>.\DSP_HEADER\Driverlib\</path>
         <kind>object</kind>
         <file>can.obj</file>
         <name>can.obj</name>
      </input_file>
      <input_file id="fl-6">
         <path>.\DSP_HEADER\Driverlib\</path>
         <kind>object</kind>
         <file>cla.obj</file>
         <name>cla.obj</name>
      </input_file>
      <input_file id="fl-7">
         <path>.\DSP_HEADER\Driverlib\</path>
         <kind>object</kind>
         <file>clapromcrc.obj</file>
         <name>clapromcrc.obj</name>
      </input_file>
      <input_file id="fl-8">
         <path>.\DSP_HEADER\Driverlib\</path>
         <kind>object</kind>
         <file>clb.obj</file>
         <name>clb.obj</name>
      </input_file>
      <input_file id="fl-9">
         <path>.\DSP_HEADER\Driverlib\</path>
         <kind>object</kind>
         <file>cmpss.obj</file>
         <name>cmpss.obj</name>
      </input_file>
      <input_file id="fl-a">
         <path>.\DSP_HEADER\Driverlib\</path>
         <kind>object</kind>
         <file>cputimer.obj</file>
         <name>cputimer.obj</name>
      </input_file>
      <input_file id="fl-b">
         <path>.\DSP_HEADER\Driverlib\</path>
         <kind>object</kind>
         <file>dac.obj</file>
         <name>dac.obj</name>
      </input_file>
      <input_file id="fl-c">
         <path>.\DSP_HEADER\Driverlib\</path>
         <kind>object</kind>
         <file>dcc.obj</file>
         <name>dcc.obj</name>
      </input_file>
      <input_file id="fl-d">
         <path>.\DSP_HEADER\Driverlib\</path>
         <kind>object</kind>
         <file>dcsm.obj</file>
         <name>dcsm.obj</name>
      </input_file>
      <input_file id="fl-e">
         <path>.\DSP_HEADER\Driverlib\</path>
         <kind>object</kind>
         <file>dma.obj</file>
         <name>dma.obj</name>
      </input_file>
      <input_file id="fl-f">
         <path>.\DSP_HEADER\Driverlib\</path>
         <kind>object</kind>
         <file>ecap.obj</file>
         <name>ecap.obj</name>
      </input_file>
      <input_file id="fl-10">
         <path>.\DSP_HEADER\Driverlib\</path>
         <kind>object</kind>
         <file>epwm.obj</file>
         <name>epwm.obj</name>
      </input_file>
      <input_file id="fl-11">
         <path>.\DSP_HEADER\Driverlib\</path>
         <kind>object</kind>
         <file>eqep.obj</file>
         <name>eqep.obj</name>
      </input_file>
      <input_file id="fl-12">
         <path>.\DSP_HEADER\Driverlib\</path>
         <kind>object</kind>
         <file>erad.obj</file>
         <name>erad.obj</name>
      </input_file>
      <input_file id="fl-13">
         <path>.\DSP_HEADER\Driverlib\</path>
         <kind>object</kind>
         <file>flash.obj</file>
         <name>flash.obj</name>
      </input_file>
      <input_file id="fl-14">
         <path>.\DSP_HEADER\Driverlib\</path>
         <kind>object</kind>
         <file>fsi.obj</file>
         <name>fsi.obj</name>
      </input_file>
      <input_file id="fl-15">
         <path>.\DSP_HEADER\Driverlib\</path>
         <kind>object</kind>
         <file>gpio.obj</file>
         <name>gpio.obj</name>
      </input_file>
      <input_file id="fl-16">
         <path>.\DSP_HEADER\Driverlib\</path>
         <kind>object</kind>
         <file>hrcap.obj</file>
         <name>hrcap.obj</name>
      </input_file>
      <input_file id="fl-17">
         <path>.\DSP_HEADER\Driverlib\</path>
         <kind>object</kind>
         <file>hrpwm.obj</file>
         <name>hrpwm.obj</name>
      </input_file>
      <input_file id="fl-18">
         <path>.\DSP_HEADER\Driverlib\</path>
         <kind>object</kind>
         <file>i2c.obj</file>
         <name>i2c.obj</name>
      </input_file>
      <input_file id="fl-19">
         <path>.\DSP_HEADER\Driverlib\</path>
         <kind>object</kind>
         <file>interrupt.obj</file>
         <name>interrupt.obj</name>
      </input_file>
      <input_file id="fl-1a">
         <path>.\DSP_HEADER\Driverlib\</path>
         <kind>object</kind>
         <file>lin.obj</file>
         <name>lin.obj</name>
      </input_file>
      <input_file id="fl-1b">
         <path>.\DSP_HEADER\Driverlib\</path>
         <kind>object</kind>
         <file>memcfg.obj</file>
         <name>memcfg.obj</name>
      </input_file>
      <input_file id="fl-1c">
         <path>.\DSP_HEADER\Driverlib\</path>
         <kind>object</kind>
         <file>pga.obj</file>
         <name>pga.obj</name>
      </input_file>
      <input_file id="fl-1d">
         <path>.\DSP_HEADER\Driverlib\</path>
         <kind>object</kind>
         <file>pmbus.obj</file>
         <name>pmbus.obj</name>
      </input_file>
      <input_file id="fl-1e">
         <path>.\DSP_HEADER\Driverlib\</path>
         <kind>object</kind>
         <file>sci.obj</file>
         <name>sci.obj</name>
      </input_file>
      <input_file id="fl-1f">
         <path>.\DSP_HEADER\Driverlib\</path>
         <kind>object</kind>
         <file>sdfm.obj</file>
         <name>sdfm.obj</name>
      </input_file>
      <input_file id="fl-20">
         <path>.\DSP_HEADER\Driverlib\</path>
         <kind>object</kind>
         <file>spi.obj</file>
         <name>spi.obj</name>
      </input_file>
      <input_file id="fl-21">
         <path>.\DSP_HEADER\Driverlib\</path>
         <kind>object</kind>
         <file>sysctl.obj</file>
         <name>sysctl.obj</name>
      </input_file>
      <input_file id="fl-22">
         <path>.\DSP_HEADER\Driverlib\</path>
         <kind>object</kind>
         <file>version.obj</file>
         <name>version.obj</name>
      </input_file>
      <input_file id="fl-23">
         <path>.\DSP_HEADER\Driverlib\</path>
         <kind>object</kind>
         <file>xbar.obj</file>
         <name>xbar.obj</name>
      </input_file>
      <input_file id="fl-24">
         <path>.\DSP_SOURCE\</path>
         <kind>object</kind>
         <file>device.obj</file>
         <name>device.obj</name>
      </input_file>
      <input_file id="fl-25">
         <path>.\DSP_SOURCE\</path>
         <kind>object</kind>
         <file>f28004x_adc.obj</file>
         <name>f28004x_adc.obj</name>
      </input_file>
      <input_file id="fl-26">
         <path>.\DSP_SOURCE\</path>
         <kind>object</kind>
         <file>f28004x_codestartbranch.obj</file>
         <name>f28004x_codestartbranch.obj</name>
      </input_file>
      <input_file id="fl-27">
         <path>.\DSP_SOURCE\</path>
         <kind>object</kind>
         <file>f28004x_cputimers.obj</file>
         <name>f28004x_cputimers.obj</name>
      </input_file>
      <input_file id="fl-28">
         <path>.\DSP_SOURCE\</path>
         <kind>object</kind>
         <file>f28004x_dbgier.obj</file>
         <name>f28004x_dbgier.obj</name>
      </input_file>
      <input_file id="fl-29">
         <path>.\DSP_SOURCE\</path>
         <kind>object</kind>
         <file>f28004x_dcsm_z1otp.obj</file>
         <name>f28004x_dcsm_z1otp.obj</name>
      </input_file>
      <input_file id="fl-2a">
         <path>.\DSP_SOURCE\</path>
         <kind>object</kind>
         <file>f28004x_dcsm_z2otp.obj</file>
         <name>f28004x_dcsm_z2otp.obj</name>
      </input_file>
      <input_file id="fl-2b">
         <path>.\DSP_SOURCE\</path>
         <kind>object</kind>
         <file>f28004x_defaultisr.obj</file>
         <name>f28004x_defaultisr.obj</name>
      </input_file>
      <input_file id="fl-2c">
         <path>.\DSP_SOURCE\</path>
         <kind>object</kind>
         <file>f28004x_dma.obj</file>
         <name>f28004x_dma.obj</name>
      </input_file>
      <input_file id="fl-2d">
         <path>.\DSP_SOURCE\</path>
         <kind>object</kind>
         <file>f28004x_globalvariabledefs.obj</file>
         <name>f28004x_globalvariabledefs.obj</name>
      </input_file>
      <input_file id="fl-2e">
         <path>.\DSP_SOURCE\</path>
         <kind>object</kind>
         <file>f28004x_gpio.obj</file>
         <name>f28004x_gpio.obj</name>
      </input_file>
      <input_file id="fl-2f">
         <path>.\DSP_SOURCE\</path>
         <kind>object</kind>
         <file>f28004x_piectrl.obj</file>
         <name>f28004x_piectrl.obj</name>
      </input_file>
      <input_file id="fl-30">
         <path>.\DSP_SOURCE\</path>
         <kind>object</kind>
         <file>f28004x_pievect.obj</file>
         <name>f28004x_pievect.obj</name>
      </input_file>
      <input_file id="fl-31">
         <path>.\DSP_SOURCE\</path>
         <kind>object</kind>
         <file>f28004x_spi.obj</file>
         <name>f28004x_spi.obj</name>
      </input_file>
      <input_file id="fl-32">
         <path>.\DSP_SOURCE\</path>
         <kind>object</kind>
         <file>f28004x_sysctrl.obj</file>
         <name>f28004x_sysctrl.obj</name>
      </input_file>
      <input_file id="fl-33">
         <path>.\DSP_SOURCE\</path>
         <kind>object</kind>
         <file>f28004x_usdelay.obj</file>
         <name>f28004x_usdelay.obj</name>
      </input_file>
      <input_file id="fl-34">
         <path>.\easyDSP\</path>
         <kind>object</kind>
         <file>easy28x_bitfield_v11.2.obj</file>
         <name>easy28x_bitfield_v11.2.obj</name>
      </input_file>
      <input_file id="fl-35">
         <path>.\src\handler\</path>
         <kind>object</kind>
         <file>epwm.obj</file>
         <name>epwm.obj</name>
      </input_file>
      <input_file id="fl-3a">
         <kind>object</kind>
         <file>&lt;internal&gt;</file>
         <name>&lt;internal&gt;</name>
      </input_file>
      <input_file id="fl-46">
         <path>C:\ti\ccs1220\ccs\tools\compiler\ti-cgt-c2000_22.6.0.LTS\lib\</path>
         <kind>archive</kind>
         <file>rts2800_fpu32.lib</file>
         <name>boot28.asm.obj</name>
      </input_file>
      <input_file id="fl-47">
         <path>C:\ti\ccs1220\ccs\tools\compiler\ti-cgt-c2000_22.6.0.LTS\lib\</path>
         <kind>archive</kind>
         <file>rts2800_fpu32.lib</file>
         <name>fs_div28.asm.obj</name>
      </input_file>
      <input_file id="fl-48">
         <path>C:\ti\ccs1220\ccs\tools\compiler\ti-cgt-c2000_22.6.0.LTS\lib\</path>
         <kind>archive</kind>
         <file>rts2800_fpu32.lib</file>
         <name>ll_aox28.asm.obj</name>
      </input_file>
      <input_file id="fl-49">
         <path>C:\ti\ccs1220\ccs\tools\compiler\ti-cgt-c2000_22.6.0.LTS\lib\</path>
         <kind>archive</kind>
         <file>rts2800_fpu32.lib</file>
         <name>ll_cmp28.asm.obj</name>
      </input_file>
      <input_file id="fl-4a">
         <path>C:\ti\ccs1220\ccs\tools\compiler\ti-cgt-c2000_22.6.0.LTS\lib\</path>
         <kind>archive</kind>
         <file>rts2800_fpu32.lib</file>
         <name>cpy_tbl.c.obj</name>
      </input_file>
      <input_file id="fl-4b">
         <path>C:\ti\ccs1220\ccs\tools\compiler\ti-cgt-c2000_22.6.0.LTS\lib\</path>
         <kind>archive</kind>
         <file>rts2800_fpu32.lib</file>
         <name>memcpy.c.obj</name>
      </input_file>
      <input_file id="fl-4c">
         <path>C:\ti\ccs1220\ccs\tools\compiler\ti-cgt-c2000_22.6.0.LTS\lib\</path>
         <kind>archive</kind>
         <file>rts2800_fpu32.lib</file>
         <name>pre_init.c.obj</name>
      </input_file>
      <input_file id="fl-4d">
         <path>C:\ti\ccs1220\ccs\tools\compiler\ti-cgt-c2000_22.6.0.LTS\lib\</path>
         <kind>archive</kind>
         <file>rts2800_fpu32.lib</file>
         <name>startup.c.obj</name>
      </input_file>
      <input_file id="fl-4e">
         <path>C:\ti\ccs1220\ccs\tools\compiler\ti-cgt-c2000_22.6.0.LTS\lib\</path>
         <kind>archive</kind>
         <file>rts2800_fpu32.lib</file>
         <name>exit.c.obj</name>
      </input_file>
      <input_file id="fl-4f">
         <path>C:\ti\ccs1220\ccs\tools\compiler\ti-cgt-c2000_22.6.0.LTS\lib\</path>
         <kind>archive</kind>
         <file>rts2800_fpu32.lib</file>
         <name>_lock.c.obj</name>
      </input_file>
      <input_file id="fl-50">
         <path>C:\ti\ccs1220\ccs\tools\compiler\ti-cgt-c2000_22.6.0.LTS\lib\</path>
         <kind>archive</kind>
         <file>rts2800_fpu32.lib</file>
         <name>args_main.c.obj</name>
      </input_file>
   </input_file_list>
   <object_component_list>
      <object_component id="oc-139">
         <name>codestart</name>
         <load_address>0x80000</load_address>
         <run_address>0x80000</run_address>
         <size>0x2</size>
         <input_file_ref idref="fl-26"/>
      </object_component>
      <object_component id="oc-14a">
         <name>.text:retain</name>
         <load_address>0x8143c</load_address>
         <run_address>0x8143c</run_address>
         <size>0x4b3</size>
         <input_file_ref idref="fl-2b"/>
      </object_component>
      <object_component id="oc-235">
         <name>.text</name>
         <load_address>0x818ef</load_address>
         <run_address>0x818ef</run_address>
         <size>0x2e4</size>
         <input_file_ref idref="fl-32"/>
      </object_component>
      <object_component id="oc-23b">
         <name>.text</name>
         <load_address>0x81bd3</load_address>
         <run_address>0x81bd3</run_address>
         <size>0x1eb</size>
         <input_file_ref idref="fl-15"/>
      </object_component>
      <object_component id="oc-236">
         <name>.text</name>
         <load_address>0x81dbe</load_address>
         <run_address>0x81dbe</run_address>
         <size>0x1e3</size>
         <input_file_ref idref="fl-2e"/>
      </object_component>
      <object_component id="oc-8b">
         <name>.text</name>
         <load_address>0x81fa1</load_address>
         <run_address>0x81fa1</run_address>
         <size>0x56</size>
         <input_file_ref idref="fl-46"/>
      </object_component>
      <object_component id="oc-23c">
         <name>.text</name>
         <load_address>0x81ff7</load_address>
         <run_address>0x81ff7</run_address>
         <size>0x9</size>
         <input_file_ref idref="fl-4f"/>
      </object_component>
      <object_component id="oc-23a">
         <name>.text</name>
         <load_address>0x82000</load_address>
         <run_address>0x82000</run_address>
         <size>0x173</size>
         <input_file_ref idref="fl-19"/>
      </object_component>
      <object_component id="oc-230">
         <name>.text</name>
         <load_address>0x82173</load_address>
         <run_address>0x82173</run_address>
         <size>0x118</size>
         <input_file_ref idref="fl-2"/>
      </object_component>
      <object_component id="oc-1f7">
         <name>.text</name>
         <load_address>0x8228b</load_address>
         <run_address>0x8228b</run_address>
         <size>0x88</size>
         <input_file_ref idref="fl-47"/>
      </object_component>
      <object_component id="oc-239">
         <name>.text</name>
         <load_address>0x82313</load_address>
         <run_address>0x82313</run_address>
         <size>0x72</size>
         <input_file_ref idref="fl-34"/>
      </object_component>
      <object_component id="oc-8f">
         <name>.text:retain</name>
         <load_address>0x82385</load_address>
         <run_address>0x82385</run_address>
         <size>0x36</size>
         <input_file_ref idref="fl-2"/>
      </object_component>
      <object_component id="oc-f7">
         <name>.text:retain</name>
         <load_address>0x823bb</load_address>
         <run_address>0x823bb</run_address>
         <size>0x2a</size>
         <input_file_ref idref="fl-19"/>
      </object_component>
      <object_component id="oc-22f">
         <name>.text</name>
         <load_address>0x823e5</load_address>
         <run_address>0x823e5</run_address>
         <size>0x29</size>
         <input_file_ref idref="fl-4e"/>
      </object_component>
      <object_component id="oc-237">
         <name>.text</name>
         <load_address>0x8240e</load_address>
         <run_address>0x8240e</run_address>
         <size>0x28</size>
         <input_file_ref idref="fl-2f"/>
      </object_component>
      <object_component id="oc-238">
         <name>.text</name>
         <load_address>0x82436</load_address>
         <run_address>0x82436</run_address>
         <size>0x25</size>
         <input_file_ref idref="fl-30"/>
      </object_component>
      <object_component id="oc-22c">
         <name>.text</name>
         <load_address>0x8245b</load_address>
         <run_address>0x8245b</run_address>
         <size>0x24</size>
         <input_file_ref idref="fl-4a"/>
      </object_component>
      <object_component id="oc-201">
         <name>.text</name>
         <load_address>0x8247f</load_address>
         <run_address>0x8247f</run_address>
         <size>0x1e</size>
         <input_file_ref idref="fl-49"/>
      </object_component>
      <object_component id="oc-232">
         <name>.text</name>
         <load_address>0x8249d</load_address>
         <run_address>0x8249d</run_address>
         <size>0x1d</size>
         <input_file_ref idref="fl-4b"/>
      </object_component>
      <object_component id="oc-1fc">
         <name>.text</name>
         <load_address>0x824ba</load_address>
         <run_address>0x824ba</run_address>
         <size>0x18</size>
         <input_file_ref idref="fl-48"/>
      </object_component>
      <object_component id="oc-22e">
         <name>.text</name>
         <load_address>0x824d2</load_address>
         <run_address>0x824d2</run_address>
         <size>0x12</size>
         <input_file_ref idref="fl-50"/>
      </object_component>
      <object_component id="oc-138">
         <name>.text</name>
         <load_address>0x824e4</load_address>
         <run_address>0x824e4</run_address>
         <size>0x8</size>
         <input_file_ref idref="fl-26"/>
      </object_component>
      <object_component id="oc-144">
         <name>.text</name>
         <load_address>0x824ec</load_address>
         <run_address>0x824ec</run_address>
         <size>0x3</size>
         <input_file_ref idref="fl-28"/>
      </object_component>
      <object_component id="oc-22b">
         <name>.text</name>
         <load_address>0x824ef</load_address>
         <run_address>0x824ef</run_address>
         <size>0x2</size>
         <input_file_ref idref="fl-4c"/>
      </object_component>
      <object_component id="oc-22d">
         <name>.text</name>
         <load_address>0x824f1</load_address>
         <run_address>0x824f1</run_address>
         <size>0x1</size>
         <input_file_ref idref="fl-4d"/>
      </object_component>
      <object_component id="oc-1e8">
         <name>.cinit</name>
         <load_address>0x81394</load_address>
         <run_address>0x81394</run_address>
         <size>0x79</size>
         <input_file_ref idref="fl-34"/>
      </object_component>
      <object_component id="oc-21b">
         <name>.cinit</name>
         <load_address>0x8140d</load_address>
         <run_address>0x8140d</run_address>
         <size>0xe</size>
         <input_file_ref idref="fl-4e"/>
      </object_component>
      <object_component id="oc-12d">
         <name>.cinit</name>
         <load_address>0x8141b</load_address>
         <run_address>0x8141b</run_address>
         <size>0xa</size>
         <input_file_ref idref="fl-24"/>
      </object_component>
      <object_component id="oc-8d">
         <name>.cinit</name>
         <load_address>0x81425</load_address>
         <run_address>0x81425</run_address>
         <size>0x9</size>
         <input_file_ref idref="fl-2"/>
      </object_component>
      <object_component id="oc-234">
         <name>.cinit:__lock</name>
         <load_address>0x8142e</load_address>
         <run_address>0x8142e</run_address>
         <size>0x5</size>
         <input_file_ref idref="fl-4f"/>
      </object_component>
      <object_component id="oc-23d">
         <name>.cinit:__unlock</name>
         <load_address>0x81433</load_address>
         <run_address>0x81433</run_address>
         <size>0x5</size>
         <input_file_ref idref="fl-4f"/>
      </object_component>
      <object_component id="oc-1f2">
         <name>.reset</name>
         <load_address>0x3fffc0</load_address>
         <run_address>0x3fffc0</run_address>
         <size>0x2</size>
         <input_file_ref idref="fl-46"/>
      </object_component>
      <object_component id="oc-1f1">
         <name>.stack</name>
         <uninitialized>true</uninitialized>
         <run_address>0x400</run_address>
         <size>0x0</size>
         <input_file_ref idref="fl-46"/>
      </object_component>
      <object_component id="oc-2d4">
         <name>.stack</name>
         <uninitialized>true</uninitialized>
         <run_address>0x400</run_address>
         <size>0x0</size>
      </object_component>
      <object_component id="oc-8e">
         <name>.ebss</name>
         <uninitialized>true</uninitialized>
         <run_address>0xa840</run_address>
         <size>0xe</size>
         <input_file_ref idref="fl-2"/>
      </object_component>
      <object_component id="oc-12e">
         <name>.ebss</name>
         <uninitialized>true</uninitialized>
         <run_address>0xa84e</run_address>
         <size>0x4</size>
         <input_file_ref idref="fl-24"/>
      </object_component>
      <object_component id="oc-13f">
         <name>.ebss</name>
         <uninitialized>true</uninitialized>
         <run_address>0xa822</run_address>
         <size>0x18</size>
         <input_file_ref idref="fl-27"/>
      </object_component>
      <object_component id="oc-1e9">
         <name>.ebss</name>
         <uninitialized>true</uninitialized>
         <run_address>0xa800</run_address>
         <size>0x22</size>
         <input_file_ref idref="fl-34"/>
      </object_component>
      <object_component id="oc-21c">
         <name>.ebss</name>
         <uninitialized>true</uninitialized>
         <run_address>0xa83a</run_address>
         <size>0x6</size>
         <input_file_ref idref="fl-4e"/>
      </object_component>
      <object_component id="oc-233">
         <name>.ebss:__lock</name>
         <uninitialized>true</uninitialized>
         <run_address>0xa852</run_address>
         <size>0x2</size>
         <input_file_ref idref="fl-4f"/>
      </object_component>
      <object_component id="oc-240">
         <name>.ebss:__unlock</name>
         <uninitialized>true</uninitialized>
         <run_address>0xa854</run_address>
         <size>0x2</size>
         <input_file_ref idref="fl-4f"/>
      </object_component>
      <object_component id="oc-23f">
         <name>.econst:_PieVectTableInit</name>
         <load_address>0x84000</load_address>
         <run_address>0x84000</run_address>
         <size>0x1c0</size>
         <input_file_ref idref="fl-30"/>
      </object_component>
      <object_component id="oc-1ea">
         <name>.TI.ramfunc:retain</name>
         <load_address>0x81000</load_address>
         <run_address>0x8000</run_address>
         <size>0x323</size>
         <input_file_ref idref="fl-34"/>
      </object_component>
      <object_component id="oc-23e">
         <name>.TI.ramfunc</name>
         <load_address>0x81323</load_address>
         <run_address>0x8323</run_address>
         <size>0x47</size>
         <input_file_ref idref="fl-32"/>
      </object_component>
      <object_component id="oc-231">
         <name>.TI.ramfunc</name>
         <load_address>0x8136a</load_address>
         <run_address>0x836a</run_address>
         <size>0x20</size>
         <input_file_ref idref="fl-34"/>
      </object_component>
      <object_component id="oc-1e2">
         <name>.TI.ramfunc</name>
         <load_address>0x8138a</load_address>
         <run_address>0x838a</run_address>
         <size>0x4</size>
         <input_file_ref idref="fl-33"/>
      </object_component>
      <object_component id="oc-11d">
         <name>.TI.ramfunc</name>
         <load_address>0x8138e</load_address>
         <run_address>0x838e</run_address>
         <size>0x4</size>
         <input_file_ref idref="fl-21"/>
      </object_component>
      <object_component id="oc-241">
         <name>.TI.memcrc:_ccs_flash_checksum</name>
         <load_address>0x0</load_address>
         <run_address>0x0</run_address>
         <size>0xd2</size>
      </object_component>
      <object_component id="oc-1c5">
         <name>PieVectTableFile</name>
         <uninitialized>true</uninitialized>
         <run_address>0xd00</run_address>
         <size>0x1c0</size>
         <input_file_ref idref="fl-2d"/>
      </object_component>
      <object_component id="oc-198">
         <name>AccessProtectionRegsFile</name>
         <uninitialized>true</uninitialized>
         <run_address>0x5f4c0</run_address>
         <size>0x2e</size>
         <input_file_ref idref="fl-2d"/>
      </object_component>
      <object_component id="oc-1ad">
         <name>AdcaRegsFile</name>
         <uninitialized>true</uninitialized>
         <run_address>0x7400</run_address>
         <size>0x76</size>
         <input_file_ref idref="fl-2d"/>
      </object_component>
      <object_component id="oc-1ae">
         <name>AdcbRegsFile</name>
         <uninitialized>true</uninitialized>
         <run_address>0x7480</run_address>
         <size>0x76</size>
         <input_file_ref idref="fl-2d"/>
      </object_component>
      <object_component id="oc-1af">
         <name>AdccRegsFile</name>
         <uninitialized>true</uninitialized>
         <run_address>0x7500</run_address>
         <size>0x76</size>
         <input_file_ref idref="fl-2d"/>
      </object_component>
      <object_component id="oc-17a">
         <name>AdcaResultRegsFile</name>
         <uninitialized>true</uninitialized>
         <run_address>0xb00</run_address>
         <size>0x18</size>
         <input_file_ref idref="fl-2d"/>
      </object_component>
      <object_component id="oc-17b">
         <name>AdcbResultRegsFile</name>
         <uninitialized>true</uninitialized>
         <run_address>0xb20</run_address>
         <size>0x18</size>
         <input_file_ref idref="fl-2d"/>
      </object_component>
      <object_component id="oc-17c">
         <name>AdccResultRegsFile</name>
         <uninitialized>true</uninitialized>
         <run_address>0xb40</run_address>
         <size>0x18</size>
         <input_file_ref idref="fl-2d"/>
      </object_component>
      <object_component id="oc-1b2">
         <name>AnalogSubsysRegsFile</name>
         <uninitialized>true</uninitialized>
         <run_address>0x5d700</run_address>
         <size>0x90</size>
         <input_file_ref idref="fl-2d"/>
      </object_component>
      <object_component id="oc-1c2">
         <name>CanaRegsFile</name>
         <uninitialized>true</uninitialized>
         <run_address>0x48000</run_address>
         <size>0x164</size>
         <input_file_ref idref="fl-2d"/>
      </object_component>
      <object_component id="oc-1c3">
         <name>CanbRegsFile</name>
         <uninitialized>true</uninitialized>
         <run_address>0x4a000</run_address>
         <size>0x164</size>
         <input_file_ref idref="fl-2d"/>
      </object_component>
      <object_component id="oc-18e">
         <name>ClaPromCrc0RegsFile</name>
         <uninitialized>true</uninitialized>
         <run_address>0x61c0</run_address>
         <size>0x20</size>
         <input_file_ref idref="fl-2d"/>
      </object_component>
      <object_component id="oc-1a5">
         <name>Cla1RegsFile</name>
         <uninitialized>true</uninitialized>
         <run_address>0x1400</run_address>
         <size>0x48</size>
         <input_file_ref idref="fl-2d"/>
      </object_component>
      <object_component id="oc-1bd">
         <name>Clb1DataExchRegsFile</name>
         <uninitialized>true</uninitialized>
         <run_address>0x3200</run_address>
         <size>0x108</size>
         <input_file_ref idref="fl-2d"/>
      </object_component>
      <object_component id="oc-1be">
         <name>Clb2DataExchRegsFile</name>
         <uninitialized>true</uninitialized>
         <run_address>0x3600</run_address>
         <size>0x108</size>
         <input_file_ref idref="fl-2d"/>
      </object_component>
      <object_component id="oc-1bf">
         <name>Clb3DataExchRegsFile</name>
         <uninitialized>true</uninitialized>
         <run_address>0x3a00</run_address>
         <size>0x108</size>
         <input_file_ref idref="fl-2d"/>
      </object_component>
      <object_component id="oc-1c0">
         <name>Clb4DataExchRegsFile</name>
         <uninitialized>true</uninitialized>
         <run_address>0x3e00</run_address>
         <size>0x108</size>
         <input_file_ref idref="fl-2d"/>
      </object_component>
      <object_component id="oc-1a6">
         <name>Clb1LogicCfgRegsFile</name>
         <uninitialized>true</uninitialized>
         <run_address>0x3000</run_address>
         <size>0x50</size>
         <input_file_ref idref="fl-2d"/>
      </object_component>
      <object_component id="oc-1a7">
         <name>Clb2LogicCfgRegsFile</name>
         <uninitialized>true</uninitialized>
         <run_address>0x3400</run_address>
         <size>0x50</size>
         <input_file_ref idref="fl-2d"/>
      </object_component>
      <object_component id="oc-1a8">
         <name>Clb3LogicCfgRegsFile</name>
         <uninitialized>true</uninitialized>
         <run_address>0x3800</run_address>
         <size>0x50</size>
         <input_file_ref idref="fl-2d"/>
      </object_component>
      <object_component id="oc-1a9">
         <name>Clb4LogicCfgRegsFile</name>
         <uninitialized>true</uninitialized>
         <run_address>0x3c00</run_address>
         <size>0x50</size>
         <input_file_ref idref="fl-2d"/>
      </object_component>
      <object_component id="oc-19e">
         <name>Clb1LogicCtrlRegsFile</name>
         <uninitialized>true</uninitialized>
         <run_address>0x3100</run_address>
         <size>0x40</size>
         <input_file_ref idref="fl-2d"/>
      </object_component>
      <object_component id="oc-19f">
         <name>Clb2LogicCtrlRegsFile</name>
         <uninitialized>true</uninitialized>
         <run_address>0x3500</run_address>
         <size>0x40</size>
         <input_file_ref idref="fl-2d"/>
      </object_component>
      <object_component id="oc-1a0">
         <name>Clb3LogicCtrlRegsFile</name>
         <uninitialized>true</uninitialized>
         <run_address>0x3900</run_address>
         <size>0x40</size>
         <input_file_ref idref="fl-2d"/>
      </object_component>
      <object_component id="oc-1a1">
         <name>Clb4LogicCtrlRegsFile</name>
         <uninitialized>true</uninitialized>
         <run_address>0x3d00</run_address>
         <size>0x40</size>
         <input_file_ref idref="fl-2d"/>
      </object_component>
      <object_component id="oc-1a2">
         <name>CLBXbarRegsFile</name>
         <uninitialized>true</uninitialized>
         <run_address>0x7a40</run_address>
         <size>0x40</size>
         <input_file_ref idref="fl-2d"/>
      </object_component>
      <object_component id="oc-199">
         <name>ClkCfgRegsFile</name>
         <uninitialized>true</uninitialized>
         <run_address>0x5d200</run_address>
         <size>0x34</size>
         <input_file_ref idref="fl-2d"/>
      </object_component>
      <object_component id="oc-186">
         <name>Cmpss1RegsFile</name>
         <uninitialized>true</uninitialized>
         <run_address>0x5c80</run_address>
         <size>0x1b</size>
         <input_file_ref idref="fl-2d"/>
      </object_component>
      <object_component id="oc-187">
         <name>Cmpss2RegsFile</name>
         <uninitialized>true</uninitialized>
         <run_address>0x5ca0</run_address>
         <size>0x1b</size>
         <input_file_ref idref="fl-2d"/>
      </object_component>
      <object_component id="oc-188">
         <name>Cmpss3RegsFile</name>
         <uninitialized>true</uninitialized>
         <run_address>0x5cc0</run_address>
         <size>0x1b</size>
         <input_file_ref idref="fl-2d"/>
      </object_component>
      <object_component id="oc-189">
         <name>Cmpss4RegsFile</name>
         <uninitialized>true</uninitialized>
         <run_address>0x5ce0</run_address>
         <size>0x1b</size>
         <input_file_ref idref="fl-2d"/>
      </object_component>
      <object_component id="oc-18a">
         <name>Cmpss5RegsFile</name>
         <uninitialized>true</uninitialized>
         <run_address>0x5d00</run_address>
         <size>0x1b</size>
         <input_file_ref idref="fl-2d"/>
      </object_component>
      <object_component id="oc-18b">
         <name>Cmpss6RegsFile</name>
         <uninitialized>true</uninitialized>
         <run_address>0x5d20</run_address>
         <size>0x1b</size>
         <input_file_ref idref="fl-2d"/>
      </object_component>
      <object_component id="oc-18c">
         <name>Cmpss7RegsFile</name>
         <uninitialized>true</uninitialized>
         <run_address>0x5d40</run_address>
         <size>0x1b</size>
         <input_file_ref idref="fl-2d"/>
      </object_component>
      <object_component id="oc-159">
         <name>CpuTimer0RegsFile</name>
         <uninitialized>true</uninitialized>
         <run_address>0xc00</run_address>
         <size>0x8</size>
         <input_file_ref idref="fl-2d"/>
      </object_component>
      <object_component id="oc-15a">
         <name>CpuTimer1RegsFile</name>
         <uninitialized>true</uninitialized>
         <run_address>0xc08</run_address>
         <size>0x8</size>
         <input_file_ref idref="fl-2d"/>
      </object_component>
      <object_component id="oc-15b">
         <name>CpuTimer2RegsFile</name>
         <uninitialized>true</uninitialized>
         <run_address>0xc10</run_address>
         <size>0x8</size>
         <input_file_ref idref="fl-2d"/>
      </object_component>
      <object_component id="oc-1b1">
         <name>CpuSysRegsFile</name>
         <uninitialized>true</uninitialized>
         <run_address>0x5d300</run_address>
         <size>0x82</size>
         <input_file_ref idref="fl-2d"/>
      </object_component>
      <object_component id="oc-156">
         <name>DacaRegsFile</name>
         <uninitialized>true</uninitialized>
         <run_address>0x5c00</run_address>
         <size>0x7</size>
         <input_file_ref idref="fl-2d"/>
      </object_component>
      <object_component id="oc-157">
         <name>DacbRegsFile</name>
         <uninitialized>true</uninitialized>
         <run_address>0x5c10</run_address>
         <size>0x7</size>
         <input_file_ref idref="fl-2d"/>
      </object_component>
      <object_component id="oc-197">
         <name>Dcc0RegsFile</name>
         <uninitialized>true</uninitialized>
         <run_address>0x5e700</run_address>
         <size>0x2c</size>
         <input_file_ref idref="fl-2d"/>
      </object_component>
      <object_component id="oc-192">
         <name>DcsmBank0Z1RegsFile</name>
         <uninitialized>true</uninitialized>
         <run_address>0x5f000</run_address>
         <size>0x22</size>
         <input_file_ref idref="fl-2d"/>
      </object_component>
      <object_component id="oc-193">
         <name>DcsmBank0Z2RegsFile</name>
         <uninitialized>true</uninitialized>
         <run_address>0x5f040</run_address>
         <size>0x22</size>
         <input_file_ref idref="fl-2d"/>
      </object_component>
      <object_component id="oc-18f">
         <name>DcsmBank1Z1RegsFile</name>
         <uninitialized>true</uninitialized>
         <run_address>0x5f100</run_address>
         <size>0x20</size>
         <input_file_ref idref="fl-2d"/>
      </object_component>
      <object_component id="oc-190">
         <name>DcsmBank1Z2RegsFile</name>
         <uninitialized>true</uninitialized>
         <run_address>0x5f140</run_address>
         <size>0x20</size>
         <input_file_ref idref="fl-2d"/>
      </object_component>
      <object_component id="oc-171">
         <name>DcsmCommonRegsFile</name>
         <uninitialized>true</uninitialized>
         <run_address>0x5f070</run_address>
         <size>0x10</size>
         <input_file_ref idref="fl-2d"/>
      </object_component>
      <object_component id="oc-1c1">
         <name>DevCfgRegsFile</name>
         <uninitialized>true</uninitialized>
         <run_address>0x5d000</run_address>
         <size>0x132</size>
         <input_file_ref idref="fl-2d"/>
      </object_component>
      <object_component id="oc-17d">
         <name>DmaClaSrcSelRegsFile</name>
         <uninitialized>true</uninitialized>
         <run_address>0x7980</run_address>
         <size>0x1a</size>
         <input_file_ref idref="fl-2d"/>
      </object_component>
      <object_component id="oc-1b3">
         <name>DmaRegsFile</name>
         <uninitialized>true</uninitialized>
         <run_address>0x1000</run_address>
         <size>0xe0</size>
         <input_file_ref idref="fl-2d"/>
      </object_component>
      <object_component id="oc-17e">
         <name>ECap1RegsFile</name>
         <uninitialized>true</uninitialized>
         <run_address>0x5200</run_address>
         <size>0x1a</size>
         <input_file_ref idref="fl-2d"/>
      </object_component>
      <object_component id="oc-17f">
         <name>ECap2RegsFile</name>
         <uninitialized>true</uninitialized>
         <run_address>0x5240</run_address>
         <size>0x1a</size>
         <input_file_ref idref="fl-2d"/>
      </object_component>
      <object_component id="oc-180">
         <name>ECap3RegsFile</name>
         <uninitialized>true</uninitialized>
         <run_address>0x5280</run_address>
         <size>0x1a</size>
         <input_file_ref idref="fl-2d"/>
      </object_component>
      <object_component id="oc-181">
         <name>ECap4RegsFile</name>
         <uninitialized>true</uninitialized>
         <run_address>0x52c0</run_address>
         <size>0x1a</size>
         <input_file_ref idref="fl-2d"/>
      </object_component>
      <object_component id="oc-182">
         <name>ECap5RegsFile</name>
         <uninitialized>true</uninitialized>
         <run_address>0x5300</run_address>
         <size>0x1a</size>
         <input_file_ref idref="fl-2d"/>
      </object_component>
      <object_component id="oc-183">
         <name>ECap6RegsFile</name>
         <uninitialized>true</uninitialized>
         <run_address>0x5340</run_address>
         <size>0x1a</size>
         <input_file_ref idref="fl-2d"/>
      </object_component>
      <object_component id="oc-184">
         <name>ECap7RegsFile</name>
         <uninitialized>true</uninitialized>
         <run_address>0x5380</run_address>
         <size>0x1a</size>
         <input_file_ref idref="fl-2d"/>
      </object_component>
      <object_component id="oc-1b5">
         <name>EPwm1RegsFile</name>
         <uninitialized>true</uninitialized>
         <run_address>0x4000</run_address>
         <size>0x100</size>
         <input_file_ref idref="fl-2d"/>
      </object_component>
      <object_component id="oc-1b6">
         <name>EPwm2RegsFile</name>
         <uninitialized>true</uninitialized>
         <run_address>0x4100</run_address>
         <size>0x100</size>
         <input_file_ref idref="fl-2d"/>
      </object_component>
      <object_component id="oc-1b7">
         <name>EPwm3RegsFile</name>
         <uninitialized>true</uninitialized>
         <run_address>0x4200</run_address>
         <size>0x100</size>
         <input_file_ref idref="fl-2d"/>
      </object_component>
      <object_component id="oc-1b8">
         <name>EPwm4RegsFile</name>
         <uninitialized>true</uninitialized>
         <run_address>0x4300</run_address>
         <size>0x100</size>
         <input_file_ref idref="fl-2d"/>
      </object_component>
      <object_component id="oc-1b9">
         <name>EPwm5RegsFile</name>
         <uninitialized>true</uninitialized>
         <run_address>0x4400</run_address>
         <size>0x100</size>
         <input_file_ref idref="fl-2d"/>
      </object_component>
      <object_component id="oc-1ba">
         <name>EPwm6RegsFile</name>
         <uninitialized>true</uninitialized>
         <run_address>0x4500</run_address>
         <size>0x100</size>
         <input_file_ref idref="fl-2d"/>
      </object_component>
      <object_component id="oc-1bb">
         <name>EPwm7RegsFile</name>
         <uninitialized>true</uninitialized>
         <run_address>0x4600</run_address>
         <size>0x100</size>
         <input_file_ref idref="fl-2d"/>
      </object_component>
      <object_component id="oc-1bc">
         <name>EPwm8RegsFile</name>
         <uninitialized>true</uninitialized>
         <run_address>0x4700</run_address>
         <size>0x100</size>
         <input_file_ref idref="fl-2d"/>
      </object_component>
      <object_component id="oc-1a3">
         <name>EPwmXbarRegsFile</name>
         <uninitialized>true</uninitialized>
         <run_address>0x7a00</run_address>
         <size>0x40</size>
         <input_file_ref idref="fl-2d"/>
      </object_component>
      <object_component id="oc-19a">
         <name>EQep1RegsFile</name>
         <uninitialized>true</uninitialized>
         <run_address>0x5100</run_address>
         <size>0x36</size>
         <input_file_ref idref="fl-2d"/>
      </object_component>
      <object_component id="oc-19b">
         <name>EQep2RegsFile</name>
         <uninitialized>true</uninitialized>
         <run_address>0x5140</run_address>
         <size>0x36</size>
         <input_file_ref idref="fl-2d"/>
      </object_component>
      <object_component id="oc-164">
         <name>EradCounter1RegsFile</name>
         <uninitialized>true</uninitialized>
         <run_address>0x5e980</run_address>
         <size>0xa</size>
         <input_file_ref idref="fl-2d"/>
      </object_component>
      <object_component id="oc-165">
         <name>EradCounter2RegsFile</name>
         <uninitialized>true</uninitialized>
         <run_address>0x5e990</run_address>
         <size>0xa</size>
         <input_file_ref idref="fl-2d"/>
      </object_component>
      <object_component id="oc-166">
         <name>EradCounter3RegsFile</name>
         <uninitialized>true</uninitialized>
         <run_address>0x5e9a0</run_address>
         <size>0xa</size>
         <input_file_ref idref="fl-2d"/>
      </object_component>
      <object_component id="oc-167">
         <name>EradCounter4RegsFile</name>
         <uninitialized>true</uninitialized>
         <run_address>0x5e9b0</run_address>
         <size>0xa</size>
         <input_file_ref idref="fl-2d"/>
      </object_component>
      <object_component id="oc-16f">
         <name>EradGlobalRegsFile</name>
         <uninitialized>true</uninitialized>
         <run_address>0x5e800</run_address>
         <size>0xb</size>
         <input_file_ref idref="fl-2d"/>
      </object_component>
      <object_component id="oc-15c">
         <name>EradHWBP1RegsFile</name>
         <uninitialized>true</uninitialized>
         <run_address>0x5e900</run_address>
         <size>0x8</size>
         <input_file_ref idref="fl-2d"/>
      </object_component>
      <object_component id="oc-15d">
         <name>EradHWBP2RegsFile</name>
         <uninitialized>true</uninitialized>
         <run_address>0x5e908</run_address>
         <size>0x8</size>
         <input_file_ref idref="fl-2d"/>
      </object_component>
      <object_component id="oc-15e">
         <name>EradHWBP3RegsFile</name>
         <uninitialized>true</uninitialized>
         <run_address>0x5e910</run_address>
         <size>0x8</size>
         <input_file_ref idref="fl-2d"/>
      </object_component>
      <object_component id="oc-15f">
         <name>EradHWBP4RegsFile</name>
         <uninitialized>true</uninitialized>
         <run_address>0x5e918</run_address>
         <size>0x8</size>
         <input_file_ref idref="fl-2d"/>
      </object_component>
      <object_component id="oc-160">
         <name>EradHWBP5RegsFile</name>
         <uninitialized>true</uninitialized>
         <run_address>0x5e920</run_address>
         <size>0x8</size>
         <input_file_ref idref="fl-2d"/>
      </object_component>
      <object_component id="oc-161">
         <name>EradHWBP6RegsFile</name>
         <uninitialized>true</uninitialized>
         <run_address>0x5e928</run_address>
         <size>0x8</size>
         <input_file_ref idref="fl-2d"/>
      </object_component>
      <object_component id="oc-162">
         <name>EradHWBP7RegsFile</name>
         <uninitialized>true</uninitialized>
         <run_address>0x5e930</run_address>
         <size>0x8</size>
         <input_file_ref idref="fl-2d"/>
      </object_component>
      <object_component id="oc-163">
         <name>EradHWBP8RegsFile</name>
         <uninitialized>true</uninitialized>
         <run_address>0x5e938</run_address>
         <size>0x8</size>
         <input_file_ref idref="fl-2d"/>
      </object_component>
      <object_component id="oc-1c4">
         <name>Flash0CtrlRegsFile</name>
         <uninitialized>true</uninitialized>
         <run_address>0x5f800</run_address>
         <size>0x182</size>
         <input_file_ref idref="fl-2d"/>
      </object_component>
      <object_component id="oc-195">
         <name>Flash0EccRegsFile</name>
         <uninitialized>true</uninitialized>
         <run_address>0x5fb00</run_address>
         <size>0x28</size>
         <input_file_ref idref="fl-2d"/>
      </object_component>
      <object_component id="oc-1aa">
         <name>FsiRxaRegsFile</name>
         <uninitialized>true</uninitialized>
         <run_address>0x6680</run_address>
         <size>0x50</size>
         <input_file_ref idref="fl-2d"/>
      </object_component>
      <object_component id="oc-1ab">
         <name>FsiTxaRegsFile</name>
         <uninitialized>true</uninitialized>
         <run_address>0x6600</run_address>
         <size>0x50</size>
         <input_file_ref idref="fl-2d"/>
      </object_component>
      <object_component id="oc-1c6">
         <name>GpioCtrlRegsFile</name>
         <uninitialized>true</uninitialized>
         <run_address>0x7c00</run_address>
         <size>0x200</size>
         <input_file_ref idref="fl-2d"/>
      </object_component>
      <object_component id="oc-19c">
         <name>GpioDataRegsFile</name>
         <uninitialized>true</uninitialized>
         <run_address>0x7f00</run_address>
         <size>0x3a</size>
         <input_file_ref idref="fl-2d"/>
      </object_component>
      <object_component id="oc-178">
         <name>HRCap6RegsFile</name>
         <uninitialized>true</uninitialized>
         <run_address>0x5360</run_address>
         <size>0x16</size>
         <input_file_ref idref="fl-2d"/>
      </object_component>
      <object_component id="oc-179">
         <name>HRCap7RegsFile</name>
         <uninitialized>true</uninitialized>
         <run_address>0x53a0</run_address>
         <size>0x16</size>
         <input_file_ref idref="fl-2d"/>
      </object_component>
      <object_component id="oc-194">
         <name>I2caRegsFile</name>
         <uninitialized>true</uninitialized>
         <run_address>0x7300</run_address>
         <size>0x22</size>
         <input_file_ref idref="fl-2d"/>
      </object_component>
      <object_component id="oc-191">
         <name>InputXbarRegsFile</name>
         <uninitialized>true</uninitialized>
         <run_address>0x7900</run_address>
         <size>0x20</size>
         <input_file_ref idref="fl-2d"/>
      </object_component>
      <object_component id="oc-1b4">
         <name>LinaRegsFile</name>
         <uninitialized>true</uninitialized>
         <run_address>0x6a00</run_address>
         <size>0xec</size>
         <input_file_ref idref="fl-2d"/>
      </object_component>
      <object_component id="oc-19d">
         <name>MemoryErrorRegsFile</name>
         <uninitialized>true</uninitialized>
         <run_address>0x5f500</run_address>
         <size>0x3a</size>
         <input_file_ref idref="fl-2d"/>
      </object_component>
      <object_component id="oc-1b0">
         <name>MemCfgRegsFile</name>
         <uninitialized>true</uninitialized>
         <run_address>0x5f400</run_address>
         <size>0x76</size>
         <input_file_ref idref="fl-2d"/>
      </object_component>
      <object_component id="oc-158">
         <name>NmiIntruptRegsFile</name>
         <uninitialized>true</uninitialized>
         <run_address>0x7060</run_address>
         <size>0x7</size>
         <input_file_ref idref="fl-2d"/>
      </object_component>
      <object_component id="oc-1a4">
         <name>OutputXbarRegsFile</name>
         <uninitialized>true</uninitialized>
         <run_address>0x7a80</run_address>
         <size>0x40</size>
         <input_file_ref idref="fl-2d"/>
      </object_component>
      <object_component id="oc-1c7">
         <name>SysPeriphAcRegsFile</name>
         <uninitialized>true</uninitialized>
         <run_address>0x5d500</run_address>
         <size>0x200</size>
         <input_file_ref idref="fl-2d"/>
      </object_component>
      <object_component id="oc-168">
         <name>Pga1RegsFile</name>
         <uninitialized>true</uninitialized>
         <run_address>0x5b00</run_address>
         <size>0xa</size>
         <input_file_ref idref="fl-2d"/>
      </object_component>
      <object_component id="oc-169">
         <name>Pga2RegsFile</name>
         <uninitialized>true</uninitialized>
         <run_address>0x5b10</run_address>
         <size>0xa</size>
         <input_file_ref idref="fl-2d"/>
      </object_component>
      <object_component id="oc-16a">
         <name>Pga3RegsFile</name>
         <uninitialized>true</uninitialized>
         <run_address>0x5b20</run_address>
         <size>0xa</size>
         <input_file_ref idref="fl-2d"/>
      </object_component>
      <object_component id="oc-16b">
         <name>Pga4RegsFile</name>
         <uninitialized>true</uninitialized>
         <run_address>0x5b30</run_address>
         <size>0xa</size>
         <input_file_ref idref="fl-2d"/>
      </object_component>
      <object_component id="oc-16c">
         <name>Pga5RegsFile</name>
         <uninitialized>true</uninitialized>
         <run_address>0x5b40</run_address>
         <size>0xa</size>
         <input_file_ref idref="fl-2d"/>
      </object_component>
      <object_component id="oc-16d">
         <name>Pga6RegsFile</name>
         <uninitialized>true</uninitialized>
         <run_address>0x5b50</run_address>
         <size>0xa</size>
         <input_file_ref idref="fl-2d"/>
      </object_component>
      <object_component id="oc-16e">
         <name>Pga7RegsFile</name>
         <uninitialized>true</uninitialized>
         <run_address>0x5b60</run_address>
         <size>0xa</size>
         <input_file_ref idref="fl-2d"/>
      </object_component>
      <object_component id="oc-185">
         <name>PieCtrlRegsFile</name>
         <uninitialized>true</uninitialized>
         <run_address>0xce0</run_address>
         <size>0x1a</size>
         <input_file_ref idref="fl-2d"/>
      </object_component>
      <object_component id="oc-18d">
         <name>PmbusaRegsFile</name>
         <uninitialized>true</uninitialized>
         <run_address>0x6400</run_address>
         <size>0x1e</size>
         <input_file_ref idref="fl-2d"/>
      </object_component>
      <object_component id="oc-172">
         <name>SciaRegsFile</name>
         <uninitialized>true</uninitialized>
         <run_address>0x7200</run_address>
         <size>0x10</size>
         <input_file_ref idref="fl-2d"/>
      </object_component>
      <object_component id="oc-173">
         <name>ScibRegsFile</name>
         <uninitialized>true</uninitialized>
         <run_address>0x7210</run_address>
         <size>0x10</size>
         <input_file_ref idref="fl-2d"/>
      </object_component>
      <object_component id="oc-1ac">
         <name>Sdfm1RegsFile</name>
         <uninitialized>true</uninitialized>
         <run_address>0x5e00</run_address>
         <size>0x50</size>
         <input_file_ref idref="fl-2d"/>
      </object_component>
      <object_component id="oc-174">
         <name>SpiaRegsFile</name>
         <uninitialized>true</uninitialized>
         <run_address>0x6100</run_address>
         <size>0x10</size>
         <input_file_ref idref="fl-2d"/>
      </object_component>
      <object_component id="oc-175">
         <name>SpibRegsFile</name>
         <uninitialized>true</uninitialized>
         <run_address>0x6110</run_address>
         <size>0x10</size>
         <input_file_ref idref="fl-2d"/>
      </object_component>
      <object_component id="oc-155">
         <name>SyncSocRegsFile</name>
         <uninitialized>true</uninitialized>
         <run_address>0x7940</run_address>
         <size>0x6</size>
         <input_file_ref idref="fl-2d"/>
      </object_component>
      <object_component id="oc-176">
         <name>UidRegsFile</name>
         <uninitialized>true</uninitialized>
         <run_address>0x703cc</run_address>
         <size>0x10</size>
         <input_file_ref idref="fl-2d"/>
      </object_component>
      <object_component id="oc-196">
         <name>WdRegsFile</name>
         <uninitialized>true</uninitialized>
         <run_address>0x7000</run_address>
         <size>0x2b</size>
         <input_file_ref idref="fl-2d"/>
      </object_component>
      <object_component id="oc-177">
         <name>XbarRegsFile</name>
         <uninitialized>true</uninitialized>
         <run_address>0x7920</run_address>
         <size>0x10</size>
         <input_file_ref idref="fl-2d"/>
      </object_component>
      <object_component id="oc-170">
         <name>XintRegsFile</name>
         <uninitialized>true</uninitialized>
         <run_address>0x7070</run_address>
         <size>0xb</size>
         <input_file_ref idref="fl-2d"/>
      </object_component>
      <object_component id="oc-8c">
         <name>.debug_info</name>
         <load_address>0x0</load_address>
         <run_address>0x0</run_address>
         <size>0x19c0</size>
         <input_file_ref idref="fl-2"/>
      </object_component>
      <object_component id="oc-94">
         <name>.debug_info</name>
         <load_address>0x19c0</load_address>
         <run_address>0x19c0</run_address>
         <size>0x4b0</size>
         <input_file_ref idref="fl-3"/>
      </object_component>
      <object_component id="oc-99">
         <name>.debug_info</name>
         <load_address>0x1e70</load_address>
         <run_address>0x1e70</run_address>
         <size>0x189</size>
         <input_file_ref idref="fl-4"/>
      </object_component>
      <object_component id="oc-9b">
         <name>.debug_info</name>
         <load_address>0x1ff9</load_address>
         <run_address>0x1ff9</run_address>
         <size>0x4dc</size>
         <input_file_ref idref="fl-5"/>
      </object_component>
      <object_component id="oc-a0">
         <name>.debug_info</name>
         <load_address>0x24d5</load_address>
         <run_address>0x24d5</run_address>
         <size>0x98d</size>
         <input_file_ref idref="fl-6"/>
      </object_component>
      <object_component id="oc-a5">
         <name>.debug_info</name>
         <load_address>0x2e62</load_address>
         <run_address>0x2e62</run_address>
         <size>0x18c</size>
         <input_file_ref idref="fl-7"/>
      </object_component>
      <object_component id="oc-a7">
         <name>.debug_info</name>
         <load_address>0x2fee</load_address>
         <run_address>0x2fee</run_address>
         <size>0x3c6</size>
         <input_file_ref idref="fl-8"/>
      </object_component>
      <object_component id="oc-ac">
         <name>.debug_info</name>
         <load_address>0x33b4</load_address>
         <run_address>0x33b4</run_address>
         <size>0x388</size>
         <input_file_ref idref="fl-9"/>
      </object_component>
      <object_component id="oc-b1">
         <name>.debug_info</name>
         <load_address>0x373c</load_address>
         <run_address>0x373c</run_address>
         <size>0x415</size>
         <input_file_ref idref="fl-a"/>
      </object_component>
      <object_component id="oc-b6">
         <name>.debug_info</name>
         <load_address>0x3b51</load_address>
         <run_address>0x3b51</run_address>
         <size>0x3a3</size>
         <input_file_ref idref="fl-b"/>
      </object_component>
      <object_component id="oc-bb">
         <name>.debug_info</name>
         <load_address>0x3ef4</load_address>
         <run_address>0x3ef4</run_address>
         <size>0x500</size>
         <input_file_ref idref="fl-c"/>
      </object_component>
      <object_component id="oc-c0">
         <name>.debug_info</name>
         <load_address>0x43f4</load_address>
         <run_address>0x43f4</run_address>
         <size>0x8b5</size>
         <input_file_ref idref="fl-d"/>
      </object_component>
      <object_component id="oc-c5">
         <name>.debug_info</name>
         <load_address>0x4ca9</load_address>
         <run_address>0x4ca9</run_address>
         <size>0xc9d</size>
         <input_file_ref idref="fl-e"/>
      </object_component>
      <object_component id="oc-ca">
         <name>.debug_info</name>
         <load_address>0x5946</load_address>
         <run_address>0x5946</run_address>
         <size>0x3e3</size>
         <input_file_ref idref="fl-f"/>
      </object_component>
      <object_component id="oc-cf">
         <name>.debug_info</name>
         <load_address>0x5d29</load_address>
         <run_address>0x5d29</run_address>
         <size>0xbbf</size>
         <input_file_ref idref="fl-10"/>
      </object_component>
      <object_component id="oc-d4">
         <name>.debug_info</name>
         <load_address>0x68e8</load_address>
         <run_address>0x68e8</run_address>
         <size>0x387</size>
         <input_file_ref idref="fl-11"/>
      </object_component>
      <object_component id="oc-d9">
         <name>.debug_info</name>
         <load_address>0x6c6f</load_address>
         <run_address>0x6c6f</run_address>
         <size>0xb78</size>
         <input_file_ref idref="fl-12"/>
      </object_component>
      <object_component id="oc-de">
         <name>.debug_info</name>
         <load_address>0x77e7</load_address>
         <run_address>0x77e7</run_address>
         <size>0x46a</size>
         <input_file_ref idref="fl-13"/>
      </object_component>
      <object_component id="oc-e3">
         <name>.debug_info</name>
         <load_address>0x7c51</load_address>
         <run_address>0x7c51</run_address>
         <size>0x4c8</size>
         <input_file_ref idref="fl-14"/>
      </object_component>
      <object_component id="oc-e8">
         <name>.debug_info</name>
         <load_address>0x8119</load_address>
         <run_address>0x8119</run_address>
         <size>0x12c6</size>
         <input_file_ref idref="fl-15"/>
      </object_component>
      <object_component id="oc-ed">
         <name>.debug_info</name>
         <load_address>0x93df</load_address>
         <run_address>0x93df</run_address>
         <size>0x187</size>
         <input_file_ref idref="fl-16"/>
      </object_component>
      <object_component id="oc-ef">
         <name>.debug_info</name>
         <load_address>0x9566</load_address>
         <run_address>0x9566</run_address>
         <size>0x187</size>
         <input_file_ref idref="fl-17"/>
      </object_component>
      <object_component id="oc-f1">
         <name>.debug_info</name>
         <load_address>0x96ed</load_address>
         <run_address>0x96ed</run_address>
         <size>0x3b6</size>
         <input_file_ref idref="fl-18"/>
      </object_component>
      <object_component id="oc-f6">
         <name>.debug_info</name>
         <load_address>0x9aa3</load_address>
         <run_address>0x9aa3</run_address>
         <size>0xbdd</size>
         <input_file_ref idref="fl-19"/>
      </object_component>
      <object_component id="oc-fc">
         <name>.debug_info</name>
         <load_address>0xa680</load_address>
         <run_address>0xa680</run_address>
         <size>0x5e1</size>
         <input_file_ref idref="fl-1a"/>
      </object_component>
      <object_component id="oc-101">
         <name>.debug_info</name>
         <load_address>0xac61</load_address>
         <run_address>0xac61</run_address>
         <size>0x456</size>
         <input_file_ref idref="fl-1b"/>
      </object_component>
      <object_component id="oc-106">
         <name>.debug_info</name>
         <load_address>0xb0b7</load_address>
         <run_address>0xb0b7</run_address>
         <size>0x185</size>
         <input_file_ref idref="fl-1c"/>
      </object_component>
      <object_component id="oc-108">
         <name>.debug_info</name>
         <load_address>0xb23c</load_address>
         <run_address>0xb23c</run_address>
         <size>0x424</size>
         <input_file_ref idref="fl-1d"/>
      </object_component>
      <object_component id="oc-10d">
         <name>.debug_info</name>
         <load_address>0xb660</load_address>
         <run_address>0xb660</run_address>
         <size>0x5f6</size>
         <input_file_ref idref="fl-1e"/>
      </object_component>
      <object_component id="oc-112">
         <name>.debug_info</name>
         <load_address>0xbc56</load_address>
         <run_address>0xbc56</run_address>
         <size>0x4a0</size>
         <input_file_ref idref="fl-1f"/>
      </object_component>
      <object_component id="oc-117">
         <name>.debug_info</name>
         <load_address>0xc0f6</load_address>
         <run_address>0xc0f6</run_address>
         <size>0x77a</size>
         <input_file_ref idref="fl-20"/>
      </object_component>
      <object_component id="oc-11c">
         <name>.debug_info</name>
         <load_address>0xc870</load_address>
         <run_address>0xc870</run_address>
         <size>0xbf7</size>
         <input_file_ref idref="fl-21"/>
      </object_component>
      <object_component id="oc-122">
         <name>.debug_info</name>
         <load_address>0xd467</load_address>
         <run_address>0xd467</run_address>
         <size>0x359</size>
         <input_file_ref idref="fl-22"/>
      </object_component>
      <object_component id="oc-127">
         <name>.debug_info</name>
         <load_address>0xd7c0</load_address>
         <run_address>0xd7c0</run_address>
         <size>0x2d76</size>
         <input_file_ref idref="fl-23"/>
      </object_component>
      <object_component id="oc-12c">
         <name>.debug_info</name>
         <load_address>0x10536</load_address>
         <run_address>0x10536</run_address>
         <size>0xf2a</size>
         <input_file_ref idref="fl-24"/>
      </object_component>
      <object_component id="oc-133">
         <name>.debug_info</name>
         <load_address>0x11460</load_address>
         <run_address>0x11460</run_address>
         <size>0x552e</size>
         <input_file_ref idref="fl-25"/>
      </object_component>
      <object_component id="oc-13b">
         <name>.debug_info</name>
         <load_address>0x1698e</load_address>
         <run_address>0x1698e</run_address>
         <size>0x13a</size>
         <input_file_ref idref="fl-26"/>
      </object_component>
      <object_component id="oc-13e">
         <name>.debug_info</name>
         <load_address>0x16ac8</load_address>
         <run_address>0x16ac8</run_address>
         <size>0x81d</size>
         <input_file_ref idref="fl-27"/>
      </object_component>
      <object_component id="oc-146">
         <name>.debug_info</name>
         <load_address>0x172e5</load_address>
         <run_address>0x172e5</run_address>
         <size>0xf6</size>
         <input_file_ref idref="fl-28"/>
      </object_component>
      <object_component id="oc-149">
         <name>.debug_info</name>
         <load_address>0x173db</load_address>
         <run_address>0x173db</run_address>
         <size>0x37ca</size>
         <input_file_ref idref="fl-2b"/>
      </object_component>
      <object_component id="oc-14f">
         <name>.debug_info</name>
         <load_address>0x1aba5</load_address>
         <run_address>0x1aba5</run_address>
         <size>0x4716</size>
         <input_file_ref idref="fl-2c"/>
      </object_component>
      <object_component id="oc-154">
         <name>.debug_info</name>
         <load_address>0x1f2bb</load_address>
         <run_address>0x1f2bb</run_address>
         <size>0x55c09</size>
         <input_file_ref idref="fl-2d"/>
      </object_component>
      <object_component id="oc-1c9">
         <name>.debug_info</name>
         <load_address>0x74ec4</load_address>
         <run_address>0x74ec4</run_address>
         <size>0xa08b</size>
         <input_file_ref idref="fl-2e"/>
      </object_component>
      <object_component id="oc-1ce">
         <name>.debug_info</name>
         <load_address>0x7ef4f</load_address>
         <run_address>0x7ef4f</run_address>
         <size>0x3573</size>
         <input_file_ref idref="fl-2f"/>
      </object_component>
      <object_component id="oc-1d3">
         <name>.debug_info</name>
         <load_address>0x824c2</load_address>
         <run_address>0x824c2</run_address>
         <size>0x6681</size>
         <input_file_ref idref="fl-30"/>
      </object_component>
      <object_component id="oc-1d8">
         <name>.debug_info</name>
         <load_address>0x88b43</load_address>
         <run_address>0x88b43</run_address>
         <size>0x77a6</size>
         <input_file_ref idref="fl-31"/>
      </object_component>
      <object_component id="oc-1dd">
         <name>.debug_info</name>
         <load_address>0x902e9</load_address>
         <run_address>0x902e9</run_address>
         <size>0x83a7</size>
         <input_file_ref idref="fl-32"/>
      </object_component>
      <object_component id="oc-1e4">
         <name>.debug_info</name>
         <load_address>0x98690</load_address>
         <run_address>0x98690</run_address>
         <size>0xf8</size>
         <input_file_ref idref="fl-33"/>
      </object_component>
      <object_component id="oc-1e7">
         <name>.debug_info</name>
         <load_address>0x98788</load_address>
         <run_address>0x98788</run_address>
         <size>0x9707</size>
         <input_file_ref idref="fl-34"/>
      </object_component>
      <object_component id="oc-1ef">
         <name>.debug_info</name>
         <load_address>0xa1e8f</load_address>
         <run_address>0xa1e8f</run_address>
         <size>0x17d</size>
         <input_file_ref idref="fl-35"/>
      </object_component>
      <object_component id="oc-1f3">
         <name>.debug_info</name>
         <load_address>0xa200c</load_address>
         <run_address>0xa200c</run_address>
         <size>0x173</size>
         <input_file_ref idref="fl-46"/>
      </object_component>
      <object_component id="oc-1f8">
         <name>.debug_info</name>
         <load_address>0xa217f</load_address>
         <run_address>0xa217f</run_address>
         <size>0x114</size>
         <input_file_ref idref="fl-47"/>
      </object_component>
      <object_component id="oc-1fd">
         <name>.debug_info</name>
         <load_address>0xa2293</load_address>
         <run_address>0xa2293</run_address>
         <size>0x176</size>
         <input_file_ref idref="fl-48"/>
      </object_component>
      <object_component id="oc-202">
         <name>.debug_info</name>
         <load_address>0xa2409</load_address>
         <run_address>0xa2409</run_address>
         <size>0x14e</size>
         <input_file_ref idref="fl-49"/>
      </object_component>
      <object_component id="oc-206">
         <name>.debug_info</name>
         <load_address>0xa2557</load_address>
         <run_address>0xa2557</run_address>
         <size>0x561</size>
         <input_file_ref idref="fl-4a"/>
      </object_component>
      <object_component id="oc-20b">
         <name>.debug_info</name>
         <load_address>0xa2ab8</load_address>
         <run_address>0xa2ab8</run_address>
         <size>0x43a</size>
         <input_file_ref idref="fl-4b"/>
      </object_component>
      <object_component id="oc-210">
         <name>.debug_info</name>
         <load_address>0xa2ef2</load_address>
         <run_address>0xa2ef2</run_address>
         <size>0x3ad</size>
         <input_file_ref idref="fl-4c"/>
      </object_component>
      <object_component id="oc-215">
         <name>.debug_info</name>
         <load_address>0xa329f</load_address>
         <run_address>0xa329f</run_address>
         <size>0x3aa</size>
         <input_file_ref idref="fl-4d"/>
      </object_component>
      <object_component id="oc-21a">
         <name>.debug_info</name>
         <load_address>0xa3649</load_address>
         <run_address>0xa3649</run_address>
         <size>0x544</size>
         <input_file_ref idref="fl-4e"/>
      </object_component>
      <object_component id="oc-221">
         <name>.debug_info</name>
         <load_address>0xa3b8d</load_address>
         <run_address>0xa3b8d</run_address>
         <size>0x4cc</size>
         <input_file_ref idref="fl-4f"/>
      </object_component>
      <object_component id="oc-226">
         <name>.debug_info</name>
         <load_address>0xa4059</load_address>
         <run_address>0xa4059</run_address>
         <size>0x467</size>
         <input_file_ref idref="fl-50"/>
      </object_component>
      <object_component id="oc-2d7">
         <name>.debug_info</name>
         <load_address>0xa44c0</load_address>
         <run_address>0xa44c0</run_address>
         <size>0x9d</size>
      </object_component>
      <object_component id="oc-90">
         <name>.debug_frame</name>
         <load_address>0x0</load_address>
         <run_address>0x0</run_address>
         <size>0x1a0</size>
         <input_file_ref idref="fl-2"/>
      </object_component>
      <object_component id="oc-95">
         <name>.debug_frame</name>
         <load_address>0x1a0</load_address>
         <run_address>0x1a0</run_address>
         <size>0x28</size>
         <input_file_ref idref="fl-3"/>
      </object_component>
      <object_component id="oc-9c">
         <name>.debug_frame</name>
         <load_address>0x1c8</load_address>
         <run_address>0x1c8</run_address>
         <size>0x28</size>
         <input_file_ref idref="fl-5"/>
      </object_component>
      <object_component id="oc-a1">
         <name>.debug_frame</name>
         <load_address>0x1f0</load_address>
         <run_address>0x1f0</run_address>
         <size>0x28</size>
         <input_file_ref idref="fl-6"/>
      </object_component>
      <object_component id="oc-a8">
         <name>.debug_frame</name>
         <load_address>0x218</load_address>
         <run_address>0x218</run_address>
         <size>0x28</size>
         <input_file_ref idref="fl-8"/>
      </object_component>
      <object_component id="oc-ad">
         <name>.debug_frame</name>
         <load_address>0x240</load_address>
         <run_address>0x240</run_address>
         <size>0x28</size>
         <input_file_ref idref="fl-9"/>
      </object_component>
      <object_component id="oc-b2">
         <name>.debug_frame</name>
         <load_address>0x268</load_address>
         <run_address>0x268</run_address>
         <size>0x28</size>
         <input_file_ref idref="fl-a"/>
      </object_component>
      <object_component id="oc-b7">
         <name>.debug_frame</name>
         <load_address>0x290</load_address>
         <run_address>0x290</run_address>
         <size>0x28</size>
         <input_file_ref idref="fl-b"/>
      </object_component>
      <object_component id="oc-bc">
         <name>.debug_frame</name>
         <load_address>0x2b8</load_address>
         <run_address>0x2b8</run_address>
         <size>0x28</size>
         <input_file_ref idref="fl-c"/>
      </object_component>
      <object_component id="oc-c1">
         <name>.debug_frame</name>
         <load_address>0x2e0</load_address>
         <run_address>0x2e0</run_address>
         <size>0x28</size>
         <input_file_ref idref="fl-d"/>
      </object_component>
      <object_component id="oc-c6">
         <name>.debug_frame</name>
         <load_address>0x308</load_address>
         <run_address>0x308</run_address>
         <size>0x28</size>
         <input_file_ref idref="fl-e"/>
      </object_component>
      <object_component id="oc-cb">
         <name>.debug_frame</name>
         <load_address>0x330</load_address>
         <run_address>0x330</run_address>
         <size>0x28</size>
         <input_file_ref idref="fl-f"/>
      </object_component>
      <object_component id="oc-d0">
         <name>.debug_frame</name>
         <load_address>0x358</load_address>
         <run_address>0x358</run_address>
         <size>0x28</size>
         <input_file_ref idref="fl-10"/>
      </object_component>
      <object_component id="oc-d5">
         <name>.debug_frame</name>
         <load_address>0x380</load_address>
         <run_address>0x380</run_address>
         <size>0x28</size>
         <input_file_ref idref="fl-11"/>
      </object_component>
      <object_component id="oc-da">
         <name>.debug_frame</name>
         <load_address>0x3a8</load_address>
         <run_address>0x3a8</run_address>
         <size>0x28</size>
         <input_file_ref idref="fl-12"/>
      </object_component>
      <object_component id="oc-df">
         <name>.debug_frame</name>
         <load_address>0x3d0</load_address>
         <run_address>0x3d0</run_address>
         <size>0x28</size>
         <input_file_ref idref="fl-13"/>
      </object_component>
      <object_component id="oc-e4">
         <name>.debug_frame</name>
         <load_address>0x3f8</load_address>
         <run_address>0x3f8</run_address>
         <size>0x28</size>
         <input_file_ref idref="fl-14"/>
      </object_component>
      <object_component id="oc-e9">
         <name>.debug_frame</name>
         <load_address>0x420</load_address>
         <run_address>0x420</run_address>
         <size>0x178</size>
         <input_file_ref idref="fl-15"/>
      </object_component>
      <object_component id="oc-f2">
         <name>.debug_frame</name>
         <load_address>0x598</load_address>
         <run_address>0x598</run_address>
         <size>0x28</size>
         <input_file_ref idref="fl-18"/>
      </object_component>
      <object_component id="oc-f8">
         <name>.debug_frame</name>
         <load_address>0x5c0</load_address>
         <run_address>0x5c0</run_address>
         <size>0x144</size>
         <input_file_ref idref="fl-19"/>
      </object_component>
      <object_component id="oc-fd">
         <name>.debug_frame</name>
         <load_address>0x704</load_address>
         <run_address>0x704</run_address>
         <size>0x28</size>
         <input_file_ref idref="fl-1a"/>
      </object_component>
      <object_component id="oc-102">
         <name>.debug_frame</name>
         <load_address>0x72c</load_address>
         <run_address>0x72c</run_address>
         <size>0x28</size>
         <input_file_ref idref="fl-1b"/>
      </object_component>
      <object_component id="oc-109">
         <name>.debug_frame</name>
         <load_address>0x754</load_address>
         <run_address>0x754</run_address>
         <size>0x28</size>
         <input_file_ref idref="fl-1d"/>
      </object_component>
      <object_component id="oc-10e">
         <name>.debug_frame</name>
         <load_address>0x77c</load_address>
         <run_address>0x77c</run_address>
         <size>0x28</size>
         <input_file_ref idref="fl-1e"/>
      </object_component>
      <object_component id="oc-113">
         <name>.debug_frame</name>
         <load_address>0x7a4</load_address>
         <run_address>0x7a4</run_address>
         <size>0x28</size>
         <input_file_ref idref="fl-1f"/>
      </object_component>
      <object_component id="oc-118">
         <name>.debug_frame</name>
         <load_address>0x7cc</load_address>
         <run_address>0x7cc</run_address>
         <size>0x28</size>
         <input_file_ref idref="fl-20"/>
      </object_component>
      <object_component id="oc-11e">
         <name>.debug_frame</name>
         <load_address>0x7f4</load_address>
         <run_address>0x7f4</run_address>
         <size>0x28</size>
         <input_file_ref idref="fl-21"/>
      </object_component>
      <object_component id="oc-123">
         <name>.debug_frame</name>
         <load_address>0x81c</load_address>
         <run_address>0x81c</run_address>
         <size>0x28</size>
         <input_file_ref idref="fl-22"/>
      </object_component>
      <object_component id="oc-128">
         <name>.debug_frame</name>
         <load_address>0x844</load_address>
         <run_address>0x844</run_address>
         <size>0x28</size>
         <input_file_ref idref="fl-23"/>
      </object_component>
      <object_component id="oc-12f">
         <name>.debug_frame</name>
         <load_address>0x86c</load_address>
         <run_address>0x86c</run_address>
         <size>0x28</size>
         <input_file_ref idref="fl-24"/>
      </object_component>
      <object_component id="oc-134">
         <name>.debug_frame</name>
         <load_address>0x894</load_address>
         <run_address>0x894</run_address>
         <size>0x28</size>
         <input_file_ref idref="fl-25"/>
      </object_component>
      <object_component id="oc-140">
         <name>.debug_frame</name>
         <load_address>0x8bc</load_address>
         <run_address>0x8bc</run_address>
         <size>0x28</size>
         <input_file_ref idref="fl-27"/>
      </object_component>
      <object_component id="oc-14b">
         <name>.debug_frame</name>
         <load_address>0x8e4</load_address>
         <run_address>0x8e4</run_address>
         <size>0xf30</size>
         <input_file_ref idref="fl-2b"/>
      </object_component>
      <object_component id="oc-150">
         <name>.debug_frame</name>
         <load_address>0x1814</load_address>
         <run_address>0x1814</run_address>
         <size>0x28</size>
         <input_file_ref idref="fl-2c"/>
      </object_component>
      <object_component id="oc-1ca">
         <name>.debug_frame</name>
         <load_address>0x183c</load_address>
         <run_address>0x183c</run_address>
         <size>0x15c</size>
         <input_file_ref idref="fl-2e"/>
      </object_component>
      <object_component id="oc-1cf">
         <name>.debug_frame</name>
         <load_address>0x1998</load_address>
         <run_address>0x1998</run_address>
         <size>0x58</size>
         <input_file_ref idref="fl-2f"/>
      </object_component>
      <object_component id="oc-1d4">
         <name>.debug_frame</name>
         <load_address>0x19f0</load_address>
         <run_address>0x19f0</run_address>
         <size>0x44</size>
         <input_file_ref idref="fl-30"/>
      </object_component>
      <object_component id="oc-1d9">
         <name>.debug_frame</name>
         <load_address>0x1a34</load_address>
         <run_address>0x1a34</run_address>
[...]
      </symbol>
      <symbol id="sm-5d3">
         <name>_MemoryErrorRegs</name>
         <value>0x5f500</value>
         <object_component_ref idref="oc-19d"/>
      </symbol>
      <symbol id="sm-5d4">
         <name>_Cla1Regs</name>
         <value>0x1400</value>
         <object_component_ref idref="oc-1a5"/>
      </symbol>
      <symbol id="sm-5d5">
         <name>_EQep1Regs</name>
         <value>0x5100</value>
         <object_component_ref idref="oc-19a"/>
      </symbol>
      <symbol id="sm-5d6">
         <name>_DcsmBank1Z2Regs</name>
         <value>0x5f140</value>
         <object_component_ref idref="oc-190"/>
      </symbol>
      <symbol id="sm-5d7">
         <name>_DacbRegs</name>
         <value>0x5c10</value>
         <object_component_ref idref="oc-157"/>
      </symbol>
      <symbol id="sm-5d8">
         <name>_Clb2DataExchRegs</name>
         <value>0x3600</value>
         <object_component_ref idref="oc-1be"/>
      </symbol>
      <symbol id="sm-5d9">
         <name>_Clb4LogicCfgRegs</name>
         <value>0x3c00</value>
         <object_component_ref idref="oc-1a9"/>
      </symbol>
      <symbol id="sm-5da">
         <name>_UidRegs</name>
         <value>0x703cc</value>
         <object_component_ref idref="oc-176"/>
      </symbol>
      <symbol id="sm-5db">
         <name>_EradGlobalRegs</name>
         <value>0x5e800</value>
         <object_component_ref idref="oc-16f"/>
      </symbol>
      <symbol id="sm-5dc">
         <name>_EPwm1Regs</name>
         <value>0x4000</value>
         <object_component_ref idref="oc-1b5"/>
      </symbol>
      <symbol id="sm-5dd">
         <name>_EradCounter3Regs</name>
         <value>0x5e9a0</value>
         <object_component_ref idref="oc-166"/>
      </symbol>
      <symbol id="sm-5de">
         <name>_Clb3LogicCtrlRegs</name>
         <value>0x3900</value>
         <object_component_ref idref="oc-1a0"/>
      </symbol>
      <symbol id="sm-5df">
         <name>_Pga6Regs</name>
         <value>0x5b50</value>
         <object_component_ref idref="oc-16d"/>
      </symbol>
      <symbol id="sm-5e0">
         <name>_AdcbRegs</name>
         <value>0x7480</value>
         <object_component_ref idref="oc-1ae"/>
      </symbol>
      <symbol id="sm-5e1">
         <name>_ScibRegs</name>
         <value>0x7210</value>
         <object_component_ref idref="oc-173"/>
      </symbol>
      <symbol id="sm-5e2">
         <name>_AdcaResultRegs</name>
         <value>0xb00</value>
         <object_component_ref idref="oc-17a"/>
      </symbol>
      <symbol id="sm-5e3">
         <name>_ECap2Regs</name>
         <value>0x5240</value>
         <object_component_ref idref="oc-17f"/>
      </symbol>
      <symbol id="sm-5e4">
         <name>_EradHWBP3Regs</name>
         <value>0x5e910</value>
         <object_component_ref idref="oc-15e"/>
      </symbol>
      <symbol id="sm-5e5">
         <name>_AdcbResultRegs</name>
         <value>0xb20</value>
         <object_component_ref idref="oc-17b"/>
      </symbol>
      <symbol id="sm-5e6">
         <name>_Clb1LogicCfgRegs</name>
         <value>0x3000</value>
         <object_component_ref idref="oc-1a6"/>
      </symbol>
      <symbol id="sm-5e7">
         <name>_AdccResultRegs</name>
         <value>0xb40</value>
         <object_component_ref idref="oc-17c"/>
      </symbol>
      <symbol id="sm-5e8">
         <name>_EQep2Regs</name>
         <value>0x5140</value>
         <object_component_ref idref="oc-19b"/>
      </symbol>
      <symbol id="sm-5e9">
         <name>_Cmpss1Regs</name>
         <value>0x5c80</value>
         <object_component_ref idref="oc-186"/>
      </symbol>
      <symbol id="sm-5ea">
         <name>_DcsmBank1Z1Regs</name>
         <value>0x5f100</value>
         <object_component_ref idref="oc-18f"/>
      </symbol>
      <symbol id="sm-5eb">
         <name>_EPwm8Regs</name>
         <value>0x4700</value>
         <object_component_ref idref="oc-1bc"/>
      </symbol>
      <symbol id="sm-5ec">
         <name>_DcsmCommonRegs</name>
         <value>0x5f070</value>
         <object_component_ref idref="oc-171"/>
      </symbol>
      <symbol id="sm-5ed">
         <name>_EPwm2Regs</name>
         <value>0x4100</value>
         <object_component_ref idref="oc-1b6"/>
      </symbol>
      <symbol id="sm-5ee">
         <name>_Pga1Regs</name>
         <value>0x5b00</value>
         <object_component_ref idref="oc-168"/>
      </symbol>
      <symbol id="sm-5ef">
         <name>_ECap3Regs</name>
         <value>0x5280</value>
         <object_component_ref idref="oc-180"/>
      </symbol>
      <symbol id="sm-5f0">
         <name>_EradHWBP2Regs</name>
         <value>0x5e908</value>
         <object_component_ref idref="oc-15d"/>
      </symbol>
      <symbol id="sm-5f1">
         <name>_ClaPromCrc0Regs</name>
         <value>0x61c0</value>
         <object_component_ref idref="oc-18e"/>
      </symbol>
      <symbol id="sm-5f2">
         <name>_SyncSocRegs</name>
         <value>0x7940</value>
         <object_component_ref idref="oc-155"/>
      </symbol>
      <symbol id="sm-5f3">
         <name>_NmiIntruptRegs</name>
         <value>0x7060</value>
         <object_component_ref idref="oc-158"/>
      </symbol>
      <symbol id="sm-5f4">
         <name>_FsiRxaRegs</name>
         <value>0x6680</value>
         <object_component_ref idref="oc-1aa"/>
      </symbol>
      <symbol id="sm-5f5">
         <name>_EPwm3Regs</name>
         <value>0x4200</value>
         <object_component_ref idref="oc-1b7"/>
      </symbol>
      <symbol id="sm-5f6">
         <name>_EradCounter1Regs</name>
         <value>0x5e980</value>
         <object_component_ref idref="oc-164"/>
      </symbol>
      <symbol id="sm-5f7">
         <name>_EradHWBP1Regs</name>
         <value>0x5e900</value>
         <object_component_ref idref="oc-15c"/>
      </symbol>
      <symbol id="sm-5f8">
         <name>_I2caRegs</name>
         <value>0x7300</value>
         <object_component_ref idref="oc-194"/>
      </symbol>
      <symbol id="sm-618">
         <name>_GPIO_SetupLock</name>
         <value>0x81f17</value>
         <object_component_ref idref="oc-236"/>
      </symbol>
      <symbol id="sm-61a">
         <name>_GPIO_SetupXINT4Gpio</name>
         <value>0x81f5a</value>
         <object_component_ref idref="oc-236"/>
      </symbol>
      <symbol id="sm-61c">
         <name>_InitGpio</name>
         <value>0x81dbe</value>
         <object_component_ref idref="oc-236"/>
      </symbol>
      <symbol id="sm-61e">
         <name>_GPIO_SetupXINT5Gpio</name>
         <value>0x81f63</value>
         <object_component_ref idref="oc-236"/>
      </symbol>
      <symbol id="sm-620">
         <name>_GPIO_SetupXINT2Gpio</name>
         <value>0x81f48</value>
         <object_component_ref idref="oc-236"/>
      </symbol>
      <symbol id="sm-622">
         <name>_GPIO_SetupXINT3Gpio</name>
         <value>0x81f51</value>
         <object_component_ref idref="oc-236"/>
      </symbol>
      <symbol id="sm-624">
         <name>_GPIO_WritePin</name>
         <value>0x81f83</value>
         <object_component_ref idref="oc-236"/>
      </symbol>
      <symbol id="sm-626">
         <name>_GPIO_SetupPinOptions</name>
         <value>0x81e85</value>
         <object_component_ref idref="oc-236"/>
      </symbol>
      <symbol id="sm-628">
         <name>_GPIO_SetupXINT1Gpio</name>
         <value>0x81f3f</value>
         <object_component_ref idref="oc-236"/>
      </symbol>
      <symbol id="sm-62a">
         <name>_GPIO_SetupPinMux</name>
         <value>0x81dfb</value>
         <object_component_ref idref="oc-236"/>
      </symbol>
      <symbol id="sm-62c">
         <name>_GPIO_ReadPin</name>
         <value>0x81f6c</value>
         <object_component_ref idref="oc-236"/>
      </symbol>
      <symbol id="sm-639">
         <name>_InitPieCtrl</name>
         <value>0x8240e</value>
         <object_component_ref idref="oc-237"/>
      </symbol>
      <symbol id="sm-63b">
         <name>_EnableInterrupts</name>
         <value>0x8242d</value>
         <object_component_ref idref="oc-237"/>
      </symbol>
      <symbol id="sm-64c">
         <name>_PieVectTableInit</name>
         <value>0x84000</value>
         <object_component_ref idref="oc-23f"/>
      </symbol>
      <symbol id="sm-64d">
         <name>_InitPieVectTable</name>
         <value>0x82436</value>
         <object_component_ref idref="oc-238"/>
      </symbol>
      <symbol id="sm-68f">
         <name>_InitSysPll</name>
         <value>0x819b0</value>
         <object_component_ref idref="oc-235"/>
      </symbol>
      <symbol id="sm-691">
         <name>_DisablePeripheralClocks</name>
         <value>0x8197d</value>
         <object_component_ref idref="oc-235"/>
      </symbol>
      <symbol id="sm-693">
         <name>_FlashOff</name>
         <value>0x835f</value>
         <object_component_ref idref="oc-23e"/>
      </symbol>
      <symbol id="sm-695">
         <name>_DisableDog</name>
         <value>0x819a3</value>
         <object_component_ref idref="oc-235"/>
      </symbol>
      <symbol id="sm-697">
         <name>_SysIntOsc2Sel</name>
         <value>0x81aad</value>
         <object_component_ref idref="oc-235"/>
      </symbol>
      <symbol id="sm-699">
         <name>_HALT</name>
         <value>0x81b14</value>
         <object_component_ref idref="oc-235"/>
      </symbol>
      <symbol id="sm-69b">
         <name>_IDLE</name>
         <value>0x81b0b</value>
         <object_component_ref idref="oc-235"/>
      </symbol>
      <symbol id="sm-69d">
         <name>_InitPeripheralClocks</name>
         <value>0x81906</value>
         <object_component_ref idref="oc-235"/>
      </symbol>
      <symbol id="sm-69f">
         <name>_InitFlash</name>
         <value>0x8323</value>
         <object_component_ref idref="oc-23e"/>
      </symbol>
      <symbol id="sm-6a1">
         <name>_SysXtalOscSel</name>
         <value>0x81ad6</value>
         <object_component_ref idref="oc-235"/>
      </symbol>
      <symbol id="sm-6a3">
         <name>_CsmUnlock</name>
         <value>0x81a82</value>
         <object_component_ref idref="oc-235"/>
      </symbol>
      <symbol id="sm-6a5">
         <name>_SysIntOsc1Sel</name>
         <value>0x81aa2</value>
         <object_component_ref idref="oc-235"/>
      </symbol>
      <symbol id="sm-6a7">
         <name>_ServiceDog</name>
         <value>0x81996</value>
         <object_component_ref idref="oc-235"/>
      </symbol>
      <symbol id="sm-6a9">
         <name>_IsPLLValid</name>
         <value>0x81b25</value>
         <object_component_ref idref="oc-235"/>
      </symbol>
      <symbol id="sm-6ab">
         <name>_InitSysCtrl</name>
         <value>0x818ef</value>
         <object_component_ref idref="oc-235"/>
      </symbol>
      <symbol id="sm-6ad">
         <name>_SysXtalOscSESel</name>
         <value>0x81af6</value>
         <object_component_ref idref="oc-235"/>
      </symbol>
      <symbol id="sm-6ba">
         <name>_F28x_usDelay</name>
         <value>0x838a</value>
         <object_component_ref idref="oc-1e2"/>
      </symbol>
      <symbol id="sm-714">
         <name>_ezDSP_uOECount</name>
         <value>0xa808</value>
         <object_component_ref idref="oc-1e9"/>
      </symbol>
      <symbol id="sm-715">
         <name>_ezDSP_b32bitAddress</name>
         <value>0xa803</value>
         <object_component_ref idref="oc-1e9"/>
      </symbol>
      <symbol id="sm-716">
         <name>_ezDSP_uBlockSize</name>
         <value>0xa811</value>
         <object_component_ref idref="oc-1e9"/>
      </symbol>
      <symbol id="sm-717">
         <name>_ezDSP_uPECount</name>
         <value>0xa809</value>
         <object_component_ref idref="oc-1e9"/>
      </symbol>
      <symbol id="sm-718">
         <name>_ezDSP_uTxFifoFullCnt</name>
         <value>0xa819</value>
         <object_component_ref idref="oc-1e9"/>
      </symbol>
      <symbol id="sm-719">
         <name>_ezDSP_ulData</name>
         <value>0xa81a</value>
         <object_component_ref idref="oc-1e9"/>
      </symbol>
      <symbol id="sm-71a">
         <name>_ezDSP_uBlockIndex</name>
         <value>0xa812</value>
         <object_component_ref idref="oc-1e9"/>
      </symbol>
      <symbol id="sm-71b">
         <name>_ezDSP_uChksum</name>
         <value>0xa80e</value>
         <object_component_ref idref="oc-1e9"/>
      </symbol>
      <symbol id="sm-71c">
         <name>_ezDSP_uData</name>
         <value>0xa80d</value>
         <object_component_ref idref="oc-1e9"/>
      </symbol>
      <symbol id="sm-71d">
         <name>_ezDSP_uMaxTxFifoCnt</name>
         <value>0xa818</value>
         <object_component_ref idref="oc-1e9"/>
      </symbol>
      <symbol id="sm-71e">
         <name>_ezDSP_uISRTxCount</name>
         <value>0xa815</value>
         <object_component_ref idref="oc-1e9"/>
      </symbol>
      <symbol id="sm-71f">
         <name>_ezDSP_uMaxRxFifoCnt</name>
         <value>0xa816</value>
         <object_component_ref idref="oc-1e9"/>
      </symbol>
      <symbol id="sm-720">
         <name>_ezDSP_uBRKDTCount</name>
         <value>0xa806</value>
         <object_component_ref idref="oc-1e9"/>
      </symbol>
      <symbol id="sm-721">
         <name>_ezDSP_uState</name>
         <value>0xa80c</value>
         <object_component_ref idref="oc-1e9"/>
      </symbol>
      <symbol id="sm-722">
         <name>_ezDSP_ullData</name>
         <value>0xa81e</value>
         <object_component_ref idref="oc-1e9"/>
      </symbol>
      <symbol id="sm-723">
         <name>_ezDSP_uWrongISRCount</name>
         <value>0xa80a</value>
         <object_component_ref idref="oc-1e9"/>
      </symbol>
      <symbol id="sm-724">
         <name>_ezDSP_uRead16BPossible</name>
         <value>0xa801</value>
         <object_component_ref idref="oc-1e9"/>
      </symbol>
      <symbol id="sm-725">
         <name>_ezDSP_uFECount</name>
         <value>0xa807</value>
         <object_component_ref idref="oc-1e9"/>
      </symbol>
      <symbol id="sm-726">
         <name>_ezDSP_uOnChipFlash</name>
         <value>0xa805</value>
         <object_component_ref idref="oc-1e9"/>
      </symbol>
      <symbol id="sm-727">
         <name>_ezDSP_uTxFifoCnt</name>
         <value>0xa817</value>
         <object_component_ref idref="oc-1e9"/>
      </symbol>
      <symbol id="sm-728">
         <name>_ezDSP_uAddrRdCnt</name>
         <value>0xa80f</value>
         <object_component_ref idref="oc-1e9"/>
      </symbol>
      <symbol id="sm-729">
         <name>_ezDSP_uRead8BPossible</name>
         <value>0xa802</value>
         <object_component_ref idref="oc-1e9"/>
      </symbol>
      <symbol id="sm-72a">
         <name>_easy_RXINT_ISR</name>
         <value>0x8000</value>
         <object_component_ref idref="oc-1ea"/>
      </symbol>
      <symbol id="sm-72c">
         <name>_ezDSP_ucRx</name>
         <value>0xa80b</value>
         <object_component_ref idref="oc-1e9"/>
      </symbol>
      <symbol id="sm-72d">
         <name>_ezDSP_uChkSumCalculated</name>
         <value>0xa813</value>
         <object_component_ref idref="oc-1e9"/>
      </symbol>
      <symbol id="sm-72e">
         <name>_ezDSP_ulAddr</name>
         <value>0xa81c</value>
         <object_component_ref idref="oc-1e9"/>
      </symbol>
      <symbol id="sm-72f">
         <name>_ezDSP_uDataRdCnt</name>
         <value>0xa810</value>
         <object_component_ref idref="oc-1e9"/>
      </symbol>
      <symbol id="sm-730">
         <name>_ezDSP_uCPU</name>
         <value>0xa804</value>
         <object_component_ref idref="oc-1e9"/>
      </symbol>
      <symbol id="sm-731">
         <name>_ezDSP_uISRRxCount</name>
         <value>0xa814</value>
         <object_component_ref idref="oc-1e9"/>
      </symbol>
      <symbol id="sm-732">
         <name>_ezDSP_Version_SCI</name>
         <value>0xa800</value>
         <object_component_ref idref="oc-1e9"/>
      </symbol>
      <symbol id="sm-733">
         <name>_easyDSP_SCI_Init</name>
         <value>0x82313</value>
         <object_component_ref idref="oc-239"/>
      </symbol>
      <symbol id="sm-752">
         <name>_c_int00</name>
         <value>0x81fa1</value>
         <object_component_ref idref="oc-8b"/>
      </symbol>
      <symbol id="sm-753">
         <name>__stack</name>
         <value>0x400</value>
         <object_component_ref idref="oc-1f1"/>
      </symbol>
      <symbol id="sm-764">
         <name>FS$$DIV</name>
         <value>0x8228b</value>
         <object_component_ref idref="oc-1f7"/>
      </symbol>
      <symbol id="sm-770">
         <name>LL$$AND</name>
         <value>0x824ba</value>
         <object_component_ref idref="oc-1fc"/>
      </symbol>
      <symbol id="sm-771">
         <name>LL$$OR</name>
         <value>0x824c2</value>
         <object_component_ref idref="oc-1fc"/>
      </symbol>
      <symbol id="sm-772">
         <name>LL$$XOR</name>
         <value>0x824ca</value>
         <object_component_ref idref="oc-1fc"/>
      </symbol>
      <symbol id="sm-780">
         <name>ULL$$CMP</name>
         <value>0x82491</value>
         <object_component_ref idref="oc-201"/>
      </symbol>
      <symbol id="sm-781">
         <name>LL$$CMP</name>
         <value>0x8247f</value>
         <object_component_ref idref="oc-201"/>
      </symbol>
      <symbol id="sm-790">
         <name>_copy_in</name>
         <value>0x8245b</value>
         <object_component_ref idref="oc-22c"/>
      </symbol>
      <symbol id="sm-7a2">
         <name>_memcpy</name>
         <value>0x8249d</value>
         <object_component_ref idref="oc-232"/>
      </symbol>
      <symbol id="sm-7af">
         <name>__system_pre_init</name>
         <value>0x824ef</value>
         <object_component_ref idref="oc-22b"/>
      </symbol>
      <symbol id="sm-7bd">
         <name>__system_post_cinit</name>
         <value>0x824f1</value>
         <object_component_ref idref="oc-22d"/>
      </symbol>
      <symbol id="sm-7d2">
         <name>C$$EXIT</name>
         <value>0x823e5</value>
         <object_component_ref idref="oc-22f"/>
      </symbol>
      <symbol id="sm-7d3">
         <name>_exit</name>
         <value>0x823e7</value>
         <object_component_ref idref="oc-22f"/>
      </symbol>
      <symbol id="sm-7d5">
         <name>___TI_cleanup_ptr</name>
         <value>0xa83c</value>
         <object_component_ref idref="oc-21c"/>
      </symbol>
      <symbol id="sm-7d6">
         <name>___TI_enable_exit_profile_output</name>
         <value>0xa83a</value>
         <object_component_ref idref="oc-21c"/>
      </symbol>
      <symbol id="sm-7d7">
         <name>_abort</name>
         <value>0x823e5</value>
         <object_component_ref idref="oc-22f"/>
      </symbol>
      <symbol id="sm-7d9">
         <name>___TI_dtors_ptr</name>
         <value>0xa83e</value>
         <object_component_ref idref="oc-21c"/>
      </symbol>
      <symbol id="sm-7ed">
         <name>__unlock</name>
         <value>0xa854</value>
         <object_component_ref idref="oc-240"/>
      </symbol>
      <symbol id="sm-7ee">
         <name>__lock</name>
         <value>0xa852</value>
         <object_component_ref idref="oc-233"/>
      </symbol>
      <symbol id="sm-7ef">
         <name>__register_lock</name>
         <value>0x81ffb</value>
         <object_component_ref idref="oc-23c"/>
      </symbol>
      <symbol id="sm-7f1">
         <name>__nop</name>
         <value>0x81fff</value>
         <object_component_ref idref="oc-23c"/>
      </symbol>
      <symbol id="sm-7f3">
         <name>__register_unlock</name>
         <value>0x81ff7</value>
         <object_component_ref idref="oc-23c"/>
      </symbol>
      <symbol id="sm-803">
         <name>__args_main</name>
         <value>0x824d2</value>
         <object_component_ref idref="oc-22e"/>
      </symbol>
   </symbol_table>
   <title>Link successful</title>
</link_info>
